// Jest Snapshot v1, https://goo.gl/fbAQLP

exports[`AppointmentsList should render a list of appointments 1`] = `<div />`;
